../Core/Src/main.c:93:5:main	144	static
../Core/Src/main.c:200:6:SystemClock_Config	88	static
../Core/Src/main.c:248:13:MX_I2C1_Init	8	static
../Core/Src/main.c:282:13:MX_USART2_UART_Init	8	static
../Core/Src/main.c:315:13:MX_GPIO_Init	48	static
../Core/Src/main.c:380:6:StartDefaultTask	16	static
../Core/Src/main.c:398:6:StartTask01	16	static
../Core/Src/main.c:456:6:StartTask02	32	static
../Core/Src/main.c:491:6:StartTask03	16	static
../Core/Src/main.c:510:6:HAL_TIM_PeriodElapsedCallback	16	static
../Core/Src/main.c:527:6:Error_Handler	4	static,ignoring_inline_asm
